[www.bratgenerator.com/index.html]
[backblue.gif]
[fade.gif]
[index.html]
[www.bratgenerator.com/sites/g/files/g2000017981/files/2024-03/022924_brat_socials_OG.jpg]
[use.typekit.net/lae6hxw.css]
[libraries.wmgartistservices.com/owlcarousel/owl.carousel.css]
[libraries.wmgartistservices.com/owlcarousel/owl.theme.default.min.css]
[www.bratgenerator.com/sites/g/files/g2000017981/files/favicon_96.jpg]
[cdn.cookielaw.org/scripttemplates/otSDKStub.js]
[external.html]
[www.wminewmedia.com/cookies-policy/onetrust/ot.css]
[libraries.wmgartistservices.com/jslibrary/jquery.min.js]
[libraries.wmgartistservices.com/songkick/widget_min9ef5.js]
[assets.adobedtm.com/launch-EN302b8a31b75a4dda8ff8df1d0cdb4762.min.js]
[libraries.wmgartistservices.com/custom-js/mailing-list/dtm.js]
[libraries.wmgartistservices.com/custom-js/YTDTM/YTFns.js]
[libraries.wmgartistservices.com/owlcarousel/owl.carousel.min.js]
[www.bratgenerator.com/sites/g/files/g2000017981/files/css/css_0OWlM_M0S9poudndNaocgZr72RK2hGWleQqjMo6EEKw8453.css]
[www.bratgenerator.com/sites/g/files/g2000017981/files/css/css_BGLOqbpJSx67PbdTIE9pI9q9KVUzgXoX1cNzQsVIf7Ef530.css]
[www.bratgenerator.com/sites/g/files/g2000017981/files/css/css_dl2pGwSxacQ22Vqu7HXnsirXD0FwYrrw0LflanCPuv8c6ec.css]
[www.bratgenerator.com/sites/g/files/g2000017981/files/css/css_fNRA1s_Xt08JlbKw-fIBDNVa-Q9CAQwkf6GWnQaKxi8e98d.css]
[www.bratgenerator.com/sites/g/files/g2000017981/files/2024-01/times-roman-01-webfont.html]
[www.bratgenerator.com/sites/g/files/g2000017981/files/2024-01/times-roman-01-webfont-3.html]
[www.bratgenerator.com/sites/g/files/g2000017981/files/2024-01/times-roman-01-webfont.svg]
[www.bratgenerator.com/sites/g/files/g2000017981/files/2024-09/compacta_black_regular-webfont.svg]
[www.bratgenerator.com/sites/g/files/g2000017981/files/2026-01/drukcond-super-webfont.html]
[www.bratgenerator.com/sites/g/files/g2000017981/files/2026-01/drukcond-super-webfont.svg]
[www.bratgenerator.com/sites/g/files/g2000017981/files/2026-01/drukcond-super-webfont-2.html]
[www.bratgenerator.com/sites/g/files/g2000017981/files/2025-04/Group 3.png]
[www.bratgenerator.com/sites/g/files/g2000017981/files/2024-02/album-art.png]
[www.bratgenerator.com/sites/g/files/g2000017981/files/2025-04/Image 4.png]
[www.bratgenerator.com/sites/g/files/g2000017981/files/2024-12/blackRingPlaceholder.jpg]
[www.bratgenerator.com/sites/g/files/g2000017981/files/2024-06/WhitePNGImage.png]
[www.bratgenerator.com/sites/g/files/g2000017981/files/2024-09/sweat-art.png]
[www.bratgenerator.com/sites/g/files/g2000017981/files/2026-02/H_logo.svg]
[libraries.wmgartistservices.com/custom-min-js/html2canvas.min.js]
[www.bratgenerator.com/index.html]
[use.typekit.net/af/1da05b/0000000000000000000132df/27/le196]
[use.typekit.net/af/1da05b/0000000000000000000132df/27/de196]
[use.typekit.net/af/1da05b/0000000000000000000132df/27/ae196]
[use.typekit.net/af/8f4e31/0000000000000000000132e3/27/l652f]
[use.typekit.net/af/8f4e31/0000000000000000000132e3/27/d652f]
[use.typekit.net/af/8f4e31/0000000000000000000132e3/27/a652f]
[use.typekit.net/af/a96fa9/000000000000000077359de4/30/l6129]
[use.typekit.net/af/a96fa9/000000000000000077359de4/30/d6129]
[use.typekit.net/af/a96fa9/000000000000000077359de4/30/a6129]
[use.typekit.net/af/1281a1/000000000000000077359ded/30/l3eab]
[use.typekit.net/af/1281a1/000000000000000077359ded/30/d3eab]
[use.typekit.net/af/1281a1/000000000000000077359ded/30/a3eab]
[use.typekit.net/af/d03e48/000000000000000077359df2/30/le003]
[use.typekit.net/af/d03e48/000000000000000077359df2/30/de003]
[use.typekit.net/af/d03e48/000000000000000077359df2/30/ae003]
[use.typekit.net/af/257c86/000000000000000077359df6/30/lc150]
[use.typekit.net/af/257c86/000000000000000077359df6/30/dc150]
[use.typekit.net/lae6hxw.css]
[use.typekit.net/af/257c86/000000000000000077359df6/30/ac150]
[libraries.wmgartistservices.com/owlcarousel/owl.carousel.css]
[libraries.wmgartistservices.com/owlcarousel/owl.theme.default.min.css]
[www.wminewmedia.com/cookies-policy/onetrust/ot.css]
[assets.adobedtm.com/launch-EN302b8a31b75a4dda8ff8df1d0cdb4762.min.js]
[www.googleadservices.com/pagead/f.txt]
[www.bratgenerator.com/core/misc/icons/e32700/error.svg]
[www.bratgenerator.com/core/misc/icons/e29700/warning.svg]
[www.bratgenerator.com/core/misc/icons/73b355/check.svg]
[www.bratgenerator.com/core/misc/icons/787878/twistie-down.svg]
[www.bratgenerator.com/sites/g/files/g2000017981/files/css/css_0OWlM_M0S9poudndNaocgZr72RK2hGWleQqjMo6EEKw8453.css]
[www.bratgenerator.com/core/misc/icons/787878/twistie-up.svg]
[www.bratgenerator.com/themes/contrib/bartik/icons/menu-expanded.png]
[www.bratgenerator.com/themes/contrib/bartik/icons/ee0000/required.svg]
[www.bratgenerator.com/themes/contrib/bartik/icons/e32700/error.svg]
[www.bratgenerator.com/themes/contrib/bartik/icons/help.png]
[www.bratgenerator.com/themes/contrib/bartik/icons/feed.svg]
[www.bratgenerator.com/themes/contrib/bartik/icons/menu-collapsed.png]
[www.bratgenerator.com/themes/contrib/bartik/icons/menu-collapsed-rtl.png]
[www.bratgenerator.com/themes/contrib/bartik/icons/73b355/check.svg]
[www.bratgenerator.com/themes/contrib/bartik/icons/e29700/warning.svg]
[www.bratgenerator.com/themes/contrib/bartik/icons/required.svg]
[www.bratgenerator.com/themes/contrib/bartik/icons/000000/chevron-left.svg]
[www.bratgenerator.com/themes/contrib/bartik/icons/000000/chevron-right.svg]
[www.bratgenerator.com/themes/contrib/bartik/icons/ffffff/hamburger.svg]
[www.bratgenerator.com/themes/contrib/bartik/icons/505050/loupe.svg]
[www.bratgenerator.com/themes/contrib/bartik/icons/424242/loupe.svg]
[www.bratgenerator.com/themes/contrib/bartik/icons/ffffff/twistie-down.svg]
[www.bratgenerator.com/themes/contrib/bartik/icons/ffffff/twistie-up.svg]
[www.bratgenerator.com/themes/contrib/bartik/icons/tabs-border.png]
[www.bratgenerator.com/sites/g/files/g2000017981/files/css/css_BGLOqbpJSx67PbdTIE9pI9q9KVUzgXoX1cNzQsVIf7Ef530.css]
[www.bratgenerator.com/sites/g/files/g2000017981/files/css/css_dl2pGwSxacQ22Vqu7HXnsirXD0FwYrrw0LflanCPuv8c6ec.css]
[www.bratgenerator.com/sites/g/files/g2000012696/files/2021-09/ajax-loader.svg]
[www.bratgenerator.com/sites/g/files/g2000012696/files/2021-09/icomoon-d70c.html]
[www.bratgenerator.com/sites/g/files/g2000012696/files/2021-09/icomoon-d70c-2.html]
[www.bratgenerator.com/sites/g/files/g2000017981/files/css/css_fNRA1s_Xt08JlbKw-fIBDNVa-Q9CAQwkf6GWnQaKxi8e98d.css]
[www.bratgenerator.com/sites/g/files/g2000017981/files/2024-01/times-roman-01-webfont.html]
[www.bratgenerator.com/sites/g/files/g2000017981/files/2024-01/times-roman-01-webfont-2.html]
[www.bratgenerator.com/sites/g/files/g2000017981/files/2024-01/times-roman-01-webfont-3.html]
[www.bratgenerator.com/sites/g/files/g2000017981/files/2024-01/times-roman-01-webfont.svg]
[www.bratgenerator.com/sites/g/files/g2000017981/files/2024-03/arial_narrow-webfont.html]
[www.bratgenerator.com/sites/g/files/g2000017981/files/2024-09/compacta_black_regular-webfont.html]
[www.bratgenerator.com/sites/g/files/g2000017981/files/2024-09/compacta_black_regular-webfont-2.html]
[www.bratgenerator.com/sites/g/files/g2000017981/files/2024-09/compacta_black_regular-webfont.svg]
[www.bratgenerator.com/sites/g/files/g2000017981/files/2026-01/drukcond-super-webfont.html]
[www.bratgenerator.com/sites/g/files/g2000017981/files/2026-01/drukcond-super-webfont.svg]
[www.bratgenerator.com/sites/g/files/g2000017981/files/2026-01/drukcond-super-webfont-2.html]
[www.bratgenerator.com/sites/g/files/g2000017981/files/2026-01/drukcond-super-webfont-3.html]
[www.bratgenerator.com/sites/g/files/g2000017981/files/2026-01/drukcond-super-webfont-4.html]
[www.bratgenerator.com/sites/g/files/g2000017981/files/2026-01/helveticaneueltstd-hv-webfont.html]
[www.bratgenerator.com/sites/g/files/g2000017981/files/2026-01/helveticaneueltstd-hv-webfont-2.html]
[www.bratgenerator.com/sites/g/files/g2000017981/files/2026-02/H_logo.svg]
[libraries.wmgartistservices.com/toubannerupdate/lighttheme.js]
[p.typekit.net/pb827.css]
[www.bratgenerator.com/sites/g/files/g2000012696/files/2021-09/icomoon-d70c.svg]
[libraries.wmgartistservices.com/owlcarousel/owl.video.play.html]
[www.bratgenerator.com/POST.html]
[www.bratgenerator.com/Trident/index.html]
[www.bratgenerator.com/get.html]
[www.bratgenerator.com/helpers/getObjectProperty.html]
[www.bratgenerator.com/core/misc/icons/e32700/error.svg]
[www.bratgenerator.com/core/misc/icons/e29700/warning.svg]
[www.bratgenerator.com/core/misc/icons/73b355/check.svg]
[www.bratgenerator.com/core/misc/icons/787878/twistie-down.svg]
[www.bratgenerator.com/core/misc/icons/787878/twistie-up.svg]
[www.bratgenerator.com/themes/contrib/bartik/icons/ee0000/required.svg]
[www.bratgenerator.com/themes/contrib/bartik/icons/e32700/error.svg]
[www.bratgenerator.com/themes/contrib/bartik/icons/feed.svg]
[www.bratgenerator.com/themes/contrib/bartik/icons/73b355/check.svg]
[www.bratgenerator.com/themes/contrib/bartik/icons/e29700/warning.svg]
[www.bratgenerator.com/themes/contrib/bartik/icons/required.svg]
[www.bratgenerator.com/themes/contrib/bartik/icons/000000/chevron-left.svg]
[www.bratgenerator.com/themes/contrib/bartik/icons/000000/chevron-right.svg]
[www.bratgenerator.com/themes/contrib/bartik/icons/ffffff/hamburger.svg]
[www.bratgenerator.com/themes/contrib/bartik/icons/505050/loupe.svg]
[www.bratgenerator.com/themes/contrib/bartik/icons/424242/loupe.svg]
[www.bratgenerator.com/themes/contrib/bartik/icons/ffffff/twistie-down.svg]
[www.bratgenerator.com/themes/contrib/bartik/icons/ffffff/twistie-up.svg]
[www.bratgenerator.com/sites/g/files/g2000012696/files/2021-09/ajax-loader.svg]
[www.bratgenerator.com/sites/g/files/g2000012696/files/2021-09/icomoon-d70c.html]
[www.bratgenerator.com/sites/g/files/g2000012696/files/2021-09/icomoon-d70c-2.html]
[www.bratgenerator.com/sites/g/files/g2000012696/files/2021-09/icomoon-d70c-3.html]
[www.bratgenerator.com/sites/g/files/g2000012696/files/2021-09/icomoon-d70c.svg]
